sample.interval=20000
"mayCallBrowser" "mayCallBrowserList" "mayCallBrowser" "h" "tryInline" "cmpCall" "cmp" "cmpSymbolAssign" "h" "tryInline" "cmpCall" "cmp" "h" "tryInline" "cmpCall" "cmp" "genCode" "cmpfun" "doTryCatch" "tryCatchOne" "tryCatchList" "tryCatch" "compiler:::tryCmpfun" "qntxxx" "objective" ".Call" "nlminb" "optimizer" "doTryCatch" "tryCatchOne" "tryCatchList" "tryCatch" "profile.likelihood" "f" "compute.uncertainty" "FUN" "afunc" "rfpl.uncertainty" "validate_rfpl" "eval" "eval" "withCallingHandlers" "doTryCatch" "tryCatchOne" "tryCatchList" "doTryCatch" "tryCatchOne" "tryCatchList" "tryCatch" "test_code" "test_that" "eval" "eval" "withCallingHandlers" "doTryCatch" "tryCatchOne" "tryCatchList" "doTryCatch" "tryCatchOne" "tryCatchList" "tryCatch" "test_code" "source_file" "FUN" "lapply" "doTryCatch" "tryCatchOne" "tryCatchList" "tryCatch" "with_reporter" "test_files_serial" "test_files" "testthat::test_file" "devtools::test_active_file" 
"h" "tryInline" "cmpCall" "cmp" "h" "tryInline" "cmpCall" "cmp" "genCode" "h" "tryInline" "cmpCall" "cmp" "cmpSymbolAssign" "h" "tryInline" "cmpCall" "cmp" "h" "tryInline" "cmpCall" "cmp" "genCode" "cmpfun" "doTryCatch" "tryCatchOne" "tryCatchList" "tryCatch" "compiler:::tryCmpfun" "qntxxx" "objective" ".Call" "nlminb" "optimizer" "doTryCatch" "tryCatchOne" "tryCatchList" "tryCatch" "profile.likelihood" "f" "compute.uncertainty" "FUN" "afunc" "rfpl.uncertainty" "validate_rfpl" "eval" "eval" "withCallingHandlers" "doTryCatch" "tryCatchOne" "tryCatchList" "doTryCatch" "tryCatchOne" "tryCatchList" "tryCatch" "test_code" "test_that" "eval" "eval" "withCallingHandlers" "doTryCatch" "tryCatchOne" "tryCatchList" "doTryCatch" "tryCatchOne" "tryCatchList" "tryCatch" "test_code" "source_file" "FUN" "lapply" "doTryCatch" "tryCatchOne" "tryCatchList" "tryCatch" "with_reporter" "test_files_serial" "test_files" "testthat::test_file" "devtools::test_active_file" 
"exists" "findCenvVar" "getInlineInfo" "tryInline" "cmpCall" "cmp" "genCode" "h" "tryInline" "cmpCall" "cmp" "cmpSymbolAssign" "h" "tryInline" "cmpCall" "cmp" "h" "tryInline" "cmpCall" "cmp" "genCode" "cmpfun" "doTryCatch" "tryCatchOne" "tryCatchList" "tryCatch" "compiler:::tryCmpfun" "qntxxx" "objective" ".Call" "nlminb" "optimizer" "doTryCatch" "tryCatchOne" "tryCatchList" "tryCatch" "profile.likelihood" "f" "compute.uncertainty" "FUN" "afunc" "rfpl.uncertainty" "validate_rfpl" "eval" "eval" "withCallingHandlers" "doTryCatch" "tryCatchOne" "tryCatchList" "doTryCatch" "tryCatchOne" "tryCatchList" "tryCatch" "test_code" "test_that" "eval" "eval" "withCallingHandlers" "doTryCatch" "tryCatchOne" "tryCatchList" "doTryCatch" "tryCatchOne" "tryCatchList" "tryCatch" "test_code" "source_file" "FUN" "lapply" "doTryCatch" "tryCatchOne" "tryCatchList" "tryCatch" "with_reporter" "test_files_serial" "test_files" "testthat::test_file" "devtools::test_active_file" 
"findCenvVar" "getInlineInfo" "tryInline" "cmpCall" "cmp" "genCode" "cb$putconst" "cmpCallArgs" "cmpCallSymFun" "cmpCall" "cmp" "genCode" "h" "tryInline" "cmpCall" "cmp" "h" "tryInline" "cmpCall" "cmp" "cmpSymbolAssign" "h" "tryInline" "cmpCall" "cmp" "h" "tryInline" "cmpCall" "cmp" "genCode" "cmpfun" "doTryCatch" "tryCatchOne" "tryCatchList" "tryCatch" "compiler:::tryCmpfun" "qntxxx" "objective" ".Call" "nlminb" "optimizer" "doTryCatch" "tryCatchOne" "tryCatchList" "tryCatch" "profile.likelihood" "f" "compute.uncertainty" "FUN" "afunc" "rfpl.uncertainty" "validate_rfpl" "eval" "eval" "withCallingHandlers" "doTryCatch" "tryCatchOne" "tryCatchList" "doTryCatch" "tryCatchOne" "tryCatchList" "tryCatch" "test_code" "test_that" "eval" "eval" "withCallingHandlers" "doTryCatch" "tryCatchOne" "tryCatchList" "doTryCatch" "tryCatchOne" "tryCatchList" "tryCatch" "test_code" "source_file" "FUN" "lapply" "doTryCatch" "tryCatchOne" "tryCatchList" "tryCatch" "with_reporter" "test_files_serial" "test_files" "testthat::test_file" "devtools::test_active_file" 
"cb$putcode" "cmpIs" "h" "tryInline" "cmpCall" "cmp" "h" "tryInline" "cmpCall" "cmp" "h" "tryInline" "cmpCall" "cmp" "h" "tryInline" "cmpCall" "cmp" "h" "tryInline" "cmpCall" "cmp" "genCode" "cmpfun" "doTryCatch" "tryCatchOne" "tryCatchList" "tryCatch" "compiler:::tryCmpfun" "profile.likelihood" "f" "compute.uncertainty" "FUN" "afunc" "rfpl.uncertainty" "validate_rfpl" "eval" "eval" "withCallingHandlers" "doTryCatch" "tryCatchOne" "tryCatchList" "doTryCatch" "tryCatchOne" "tryCatchList" "tryCatch" "test_code" "test_that" "eval" "eval" "withCallingHandlers" "doTryCatch" "tryCatchOne" "tryCatchList" "doTryCatch" "tryCatchOne" "tryCatchList" "tryCatch" "test_code" "source_file" "FUN" "lapply" "doTryCatch" "tryCatchOne" "tryCatchList" "tryCatch" "with_reporter" "test_files_serial" "test_files" "testthat::test_file" "devtools::test_active_file" 
"vapply" "qntxxx" "objective" ".Call" "nlminb" "optimizer" "doTryCatch" "tryCatchOne" "tryCatchList" "tryCatch" "profile.likelihood" "f" "compute.uncertainty" "FUN" "afunc" "rfpl.uncertainty" "validate_rfpl" "eval" "eval" "withCallingHandlers" "doTryCatch" "tryCatchOne" "tryCatchList" "doTryCatch" "tryCatchOne" "tryCatchList" "tryCatch" "test_code" "test_that" "eval" "eval" "withCallingHandlers" "doTryCatch" "tryCatchOne" "tryCatchList" "doTryCatch" "tryCatchOne" "tryCatchList" "tryCatch" "test_code" "source_file" "FUN" "lapply" "doTryCatch" "tryCatchOne" "tryCatchList" "tryCatch" "with_reporter" "test_files_serial" "test_files" "testthat::test_file" "devtools::test_active_file" 
"%in%" "objective" ".Call" "nlminb" "optimizer" "doTryCatch" "tryCatchOne" "tryCatchList" "tryCatch" "profile.likelihood" "f" "regula.falsi" "compute.uncertainty" "FUN" "afunc" "rfpl.uncertainty" "validate_rfpl" "eval" "eval" "withCallingHandlers" "doTryCatch" "tryCatchOne" "tryCatchList" "doTryCatch" "tryCatchOne" "tryCatchList" "tryCatch" "test_code" "test_that" "eval" "eval" "withCallingHandlers" "doTryCatch" "tryCatchOne" "tryCatchList" "doTryCatch" "tryCatchOne" "tryCatchList" "tryCatch" "test_code" "source_file" "FUN" "lapply" "doTryCatch" "tryCatchOne" "tryCatchList" "tryCatch" "with_reporter" "test_files_serial" "test_files" "testthat::test_file" "devtools::test_active_file" 
"vapply" "qntxxx" "objective" ".Call" "nlminb" "optimizer" "doTryCatch" "tryCatchOne" "tryCatchList" "tryCatch" "profile.likelihood" "f" "regula.falsi" "regula.falsi" "regula.falsi" "compute.uncertainty" "FUN" "afunc" "rfpl.uncertainty" "validate_rfpl" "eval" "eval" "withCallingHandlers" "doTryCatch" "tryCatchOne" "tryCatchList" "doTryCatch" "tryCatchOne" "tryCatchList" "tryCatch" "test_code" "test_that" "eval" "eval" "withCallingHandlers" "doTryCatch" "tryCatchOne" "tryCatchList" "doTryCatch" "tryCatchOne" "tryCatchList" "tryCatch" "test_code" "source_file" "FUN" "lapply" "doTryCatch" "tryCatchOne" "tryCatchList" "tryCatch" "with_reporter" "test_files_serial" "test_files" "testthat::test_file" "devtools::test_active_file" 
"vapply" "qntxxx" "objective" ".Call" "nlminb" "optimizer" "doTryCatch" "tryCatchOne" "tryCatchList" "tryCatch" "profile.likelihood" "f" "regula.falsi" "compute.uncertainty" "FUN" "afunc" "rfpl.uncertainty" "validate_rfpl" "eval" "eval" "withCallingHandlers" "doTryCatch" "tryCatchOne" "tryCatchList" "doTryCatch" "tryCatchOne" "tryCatchList" "tryCatch" "test_code" "test_that" "eval" "eval" "withCallingHandlers" "doTryCatch" "tryCatchOne" "tryCatchList" "doTryCatch" "tryCatchOne" "tryCatchList" "tryCatch" "test_code" "source_file" "FUN" "lapply" "doTryCatch" "tryCatchOne" "tryCatchList" "tryCatch" "with_reporter" "test_files_serial" "test_files" "testthat::test_file" "devtools::test_active_file" 
"==" "llvfast" "objective" ".Call" "nlminb" "optimizer" "doTryCatch" "tryCatchOne" "tryCatchList" "tryCatch" "profile.likelihood" "f" "regula.falsi" "regula.falsi" "compute.uncertainty" "FUN" "afunc" "rfpl.uncertainty" "validate_rfpl" "eval" "eval" "withCallingHandlers" "doTryCatch" "tryCatchOne" "tryCatchList" "doTryCatch" "tryCatchOne" "tryCatchList" "tryCatch" "test_code" "test_that" "eval" "eval" "withCallingHandlers" "doTryCatch" "tryCatchOne" "tryCatchList" "doTryCatch" "tryCatchOne" "tryCatchList" "tryCatch" "test_code" "source_file" "FUN" "lapply" "doTryCatch" "tryCatchOne" "tryCatchList" "tryCatch" "with_reporter" "test_files_serial" "test_files" "testthat::test_file" "devtools::test_active_file" 
"-" "llvfast" "objective" ".Call" "nlminb" "optimizer" "doTryCatch" "tryCatchOne" "tryCatchList" "tryCatch" "profile.likelihood" "f" "regula.falsi" "regula.falsi" "regula.falsi" "compute.uncertainty" "FUN" "afunc" "rfpl.uncertainty" "validate_rfpl" "eval" "eval" "withCallingHandlers" "doTryCatch" "tryCatchOne" "tryCatchList" "doTryCatch" "tryCatchOne" "tryCatchList" "tryCatch" "test_code" "test_that" "eval" "eval" "withCallingHandlers" "doTryCatch" "tryCatchOne" "tryCatchList" "doTryCatch" "tryCatchOne" "tryCatchList" "tryCatch" "test_code" "source_file" "FUN" "lapply" "doTryCatch" "tryCatchOne" "tryCatchList" "tryCatch" "with_reporter" "test_files_serial" "test_files" "testthat::test_file" "devtools::test_active_file" 
"vapply" "qntxxx" "objective" ".Call" "nlminb" "optimizer" "doTryCatch" "tryCatchOne" "tryCatchList" "tryCatch" "profile.likelihood" "f" "regula.falsi" "compute.uncertainty" "FUN" "afunc" "rfpl.uncertainty" "validate_rfpl" "eval" "eval" "withCallingHandlers" "doTryCatch" "tryCatchOne" "tryCatchList" "doTryCatch" "tryCatchOne" "tryCatchList" "tryCatch" "test_code" "test_that" "eval" "eval" "withCallingHandlers" "doTryCatch" "tryCatchOne" "tryCatchList" "doTryCatch" "tryCatchOne" "tryCatchList" "tryCatch" "test_code" "source_file" "FUN" "lapply" "doTryCatch" "tryCatchOne" "tryCatchList" "tryCatch" "with_reporter" "test_files_serial" "test_files" "testthat::test_file" "devtools::test_active_file" 
"get.covariates" "qntxxx" "objective" ".Call" "nlminb" "optimizer" "doTryCatch" "tryCatchOne" "tryCatchList" "tryCatch" "profile.likelihood" "f" "regula.falsi" "regula.falsi" "regula.falsi" "compute.uncertainty" "FUN" "afunc" "rfpl.uncertainty" "validate_rfpl" "eval" "eval" "withCallingHandlers" "doTryCatch" "tryCatchOne" "tryCatchList" "doTryCatch" "tryCatchOne" "tryCatchList" "tryCatch" "test_code" "test_that" "eval" "eval" "withCallingHandlers" "doTryCatch" "tryCatchOne" "tryCatchList" "doTryCatch" "tryCatchOne" "tryCatchList" "tryCatch" "test_code" "source_file" "FUN" "lapply" "doTryCatch" "tryCatchOne" "tryCatchList" "tryCatch" "with_reporter" "test_files_serial" "test_files" "testthat::test_file" "devtools::test_active_file" 
"qntxxx" "objective" ".Call" "nlminb" "optimizer" "doTryCatch" "tryCatchOne" "tryCatchList" "tryCatch" "profile.likelihood" "f" "regula.falsi" "compute.uncertainty" "FUN" "afunc" "rfpl.uncertainty" "validate_rfpl" "eval" "eval" "withCallingHandlers" "doTryCatch" "tryCatchOne" "tryCatchList" "doTryCatch" "tryCatchOne" "tryCatchList" "tryCatch" "test_code" "test_that" "eval" "eval" "withCallingHandlers" "doTryCatch" "tryCatchOne" "tryCatchList" "doTryCatch" "tryCatchOne" "tryCatchList" "tryCatch" "test_code" "source_file" "FUN" "lapply" "doTryCatch" "tryCatchOne" "tryCatchList" "tryCatch" "with_reporter" "test_files_serial" "test_files" "testthat::test_file" "devtools::test_active_file" 
"objective" ".Call" "nlminb" "optimizer" "doTryCatch" "tryCatchOne" "tryCatchList" "tryCatch" "profile.likelihood" "f" "regula.falsi" "regula.falsi" "regula.falsi" "compute.uncertainty" "FUN" "afunc" "rfpl.uncertainty" "validate_rfpl" "eval" "eval" "withCallingHandlers" "doTryCatch" "tryCatchOne" "tryCatchList" "doTryCatch" "tryCatchOne" "tryCatchList" "tryCatch" "test_code" "test_that" "eval" "eval" "withCallingHandlers" "doTryCatch" "tryCatchOne" "tryCatchList" "doTryCatch" "tryCatchOne" "tryCatchList" "tryCatch" "test_code" "source_file" "FUN" "lapply" "doTryCatch" "tryCatchOne" "tryCatchList" "tryCatch" "with_reporter" "test_files_serial" "test_files" "testthat::test_file" "devtools::test_active_file" 
"llvfast" "objective" ".Call" "nlminb" "optimizer" "doTryCatch" "tryCatchOne" "tryCatchList" "tryCatch" "profile.likelihood" "f" "regula.falsi" "regula.falsi" "regula.falsi" "regula.falsi" "compute.uncertainty" "FUN" "afunc" "rfpl.uncertainty" "validate_rfpl" "eval" "eval" "withCallingHandlers" "doTryCatch" "tryCatchOne" "tryCatchList" "doTryCatch" "tryCatchOne" "tryCatchList" "tryCatch" "test_code" "test_that" "eval" "eval" "withCallingHandlers" "doTryCatch" "tryCatchOne" "tryCatchList" "doTryCatch" "tryCatchOne" "tryCatchList" "tryCatch" "test_code" "source_file" "FUN" "lapply" "doTryCatch" "tryCatchOne" "tryCatchList" "tryCatch" "with_reporter" "test_files_serial" "test_files" "testthat::test_file" "devtools::test_active_file" 
"llvfast" "objective" ".Call" "nlminb" "optimizer" "doTryCatch" "tryCatchOne" "tryCatchList" "tryCatch" "profile.likelihood" "f" "regula.falsi" "compute.uncertainty" "FUN" "afunc" "rfpl.uncertainty" "validate_rfpl" "eval" "eval" "withCallingHandlers" "doTryCatch" "tryCatchOne" "tryCatchList" "doTryCatch" "tryCatchOne" "tryCatchList" "tryCatch" "test_code" "test_that" "eval" "eval" "withCallingHandlers" "doTryCatch" "tryCatchOne" "tryCatchList" "doTryCatch" "tryCatchOne" "tryCatchList" "tryCatch" "test_code" "source_file" "FUN" "lapply" "doTryCatch" "tryCatchOne" "tryCatchList" "tryCatch" "with_reporter" "test_files_serial" "test_files" "testthat::test_file" "devtools::test_active_file" 
"as.vector" "qntxxx" "objective" ".Call" "nlminb" "optimizer" "doTryCatch" "tryCatchOne" "tryCatchList" "tryCatch" "profile.likelihood" "f" "regula.falsi" "regula.falsi" "compute.uncertainty" "FUN" "afunc" "rfpl.uncertainty" "validate_rfpl" "eval" "eval" "withCallingHandlers" "doTryCatch" "tryCatchOne" "tryCatchList" "doTryCatch" "tryCatchOne" "tryCatchList" "tryCatch" "test_code" "test_that" "eval" "eval" "withCallingHandlers" "doTryCatch" "tryCatchOne" "tryCatchList" "doTryCatch" "tryCatchOne" "tryCatchList" "tryCatch" "test_code" "source_file" "FUN" "lapply" "doTryCatch" "tryCatchOne" "tryCatchList" "tryCatch" "with_reporter" "test_files_serial" "test_files" "testthat::test_file" "devtools::test_active_file" 
"sum" "llvfast" "objective" ".Call" "nlminb" "optimizer" "doTryCatch" "tryCatchOne" "tryCatchList" "tryCatch" "profile.likelihood" "f" "regula.falsi" "regula.falsi" "regula.falsi" "compute.uncertainty" "FUN" "afunc" "rfpl.uncertainty" "validate_rfpl" "eval" "eval" "withCallingHandlers" "doTryCatch" "tryCatchOne" "tryCatchList" "doTryCatch" "tryCatchOne" "tryCatchList" "tryCatch" "test_code" "test_that" "eval" "eval" "withCallingHandlers" "doTryCatch" "tryCatchOne" "tryCatchList" "doTryCatch" "tryCatchOne" "tryCatchList" "tryCatch" "test_code" "source_file" "FUN" "lapply" "doTryCatch" "tryCatchOne" "tryCatchList" "tryCatch" "with_reporter" "test_files_serial" "test_files" "testthat::test_file" "devtools::test_active_file" 
"objective" ".Call" "nlminb" "optimizer" "doTryCatch" "tryCatchOne" "tryCatchList" "tryCatch" "profile.likelihood" "f" "regula.falsi" "regula.falsi" "regula.falsi" "regula.falsi" "compute.uncertainty" "FUN" "afunc" "rfpl.uncertainty" "validate_rfpl" "eval" "eval" "withCallingHandlers" "doTryCatch" "tryCatchOne" "tryCatchList" "doTryCatch" "tryCatchOne" "tryCatchList" "tryCatch" "test_code" "test_that" "eval" "eval" "withCallingHandlers" "doTryCatch" "tryCatchOne" "tryCatchList" "doTryCatch" "tryCatchOne" "tryCatchList" "tryCatch" "test_code" "source_file" "FUN" "lapply" "doTryCatch" "tryCatchOne" "tryCatchList" "tryCatch" "with_reporter" "test_files_serial" "test_files" "testthat::test_file" "devtools::test_active_file" 
"qntxxx" "objective" ".Call" "nlminb" "optimizer" "doTryCatch" "tryCatchOne" "tryCatchList" "tryCatch" "profile.likelihood" "f" "regula.falsi" "compute.uncertainty" "FUN" "afunc" "rfpl.uncertainty" "validate_rfpl" "eval" "eval" "withCallingHandlers" "doTryCatch" "tryCatchOne" "tryCatchList" "doTryCatch" "tryCatchOne" "tryCatchList" "tryCatch" "test_code" "test_that" "eval" "eval" "withCallingHandlers" "doTryCatch" "tryCatchOne" "tryCatchList" "doTryCatch" "tryCatchOne" "tryCatchList" "tryCatch" "test_code" "source_file" "FUN" "lapply" "doTryCatch" "tryCatchOne" "tryCatchList" "tryCatch" "with_reporter" "test_files_serial" "test_files" "testthat::test_file" "devtools::test_active_file" 
"-" "llvfast" "objective" ".Call" "nlminb" "optimizer" "doTryCatch" "tryCatchOne" "tryCatchList" "tryCatch" "profile.likelihood" "f" "regula.falsi" "regula.falsi" "compute.uncertainty" "FUN" "afunc" "rfpl.uncertainty" "validate_rfpl" "eval" "eval" "withCallingHandlers" "doTryCatch" "tryCatchOne" "tryCatchList" "doTryCatch" "tryCatchOne" "tryCatchList" "tryCatch" "test_code" "test_that" "eval" "eval" "withCallingHandlers" "doTryCatch" "tryCatchOne" "tryCatchList" "doTryCatch" "tryCatchOne" "tryCatchList" "tryCatch" "test_code" "source_file" "FUN" "lapply" "doTryCatch" "tryCatchOne" "tryCatchList" "tryCatch" "with_reporter" "test_files_serial" "test_files" "testthat::test_file" "devtools::test_active_file" 
"as.integer" "substr" "objective" ".Call" "nlminb" "optimizer" "doTryCatch" "tryCatchOne" "tryCatchList" "tryCatch" "profile.likelihood" "f" "regula.falsi" "regula.falsi" "regula.falsi" "compute.uncertainty" "FUN" "afunc" "rfpl.uncertainty" "validate_rfpl" "eval" "eval" "withCallingHandlers" "doTryCatch" "tryCatchOne" "tryCatchList" "doTryCatch" "tryCatchOne" "tryCatchList" "tryCatch" "test_code" "test_that" "eval" "eval" "withCallingHandlers" "doTryCatch" "tryCatchOne" "tryCatchList" "doTryCatch" "tryCatchOne" "tryCatchList" "tryCatch" "test_code" "source_file" "FUN" "lapply" "doTryCatch" "tryCatchOne" "tryCatchList" "tryCatch" "with_reporter" "test_files_serial" "test_files" "testthat::test_file" "devtools::test_active_file" 
"qntxxx" "objective" ".Call" "nlminb" "optimizer" "doTryCatch" "tryCatchOne" "tryCatchList" "tryCatch" "profile.likelihood" "f" "regula.falsi" "regula.falsi" "regula.falsi" "regula.falsi" "compute.uncertainty" "FUN" "afunc" "rfpl.uncertainty" "validate_rfpl" "eval" "eval" "withCallingHandlers" "doTryCatch" "tryCatchOne" "tryCatchList" "doTryCatch" "tryCatchOne" "tryCatchList" "tryCatch" "test_code" "test_that" "eval" "eval" "withCallingHandlers" "doTryCatch" "tryCatchOne" "tryCatchList" "doTryCatch" "tryCatchOne" "tryCatchList" "tryCatch" "test_code" "source_file" "FUN" "lapply" "doTryCatch" "tryCatchOne" "tryCatchList" "tryCatch" "with_reporter" "test_files_serial" "test_files" "testthat::test_file" "devtools::test_active_file" 
"qntxxx" "objective" ".Call" "nlminb" "optimizer" "doTryCatch" "tryCatchOne" "tryCatchList" "tryCatch" "profile.likelihood" "f" "regula.falsi" "compute.uncertainty" "FUN" "afunc" "rfpl.uncertainty" "validate_rfpl" "eval" "eval" "withCallingHandlers" "doTryCatch" "tryCatchOne" "tryCatchList" "doTryCatch" "tryCatchOne" "tryCatchList" "tryCatch" "test_code" "test_that" "eval" "eval" "withCallingHandlers" "doTryCatch" "tryCatchOne" "tryCatchList" "doTryCatch" "tryCatchOne" "tryCatchList" "tryCatch" "test_code" "source_file" "FUN" "lapply" "doTryCatch" "tryCatchOne" "tryCatchList" "tryCatch" "with_reporter" "test_files_serial" "test_files" "testthat::test_file" "devtools::test_active_file" 
"substr" "qntxxx" "objective" ".Call" "nlminb" "optimizer" "doTryCatch" "tryCatchOne" "tryCatchList" "tryCatch" "profile.likelihood" "f" "regula.falsi" "regula.falsi" "regula.falsi" "compute.uncertainty" "FUN" "afunc" "rfpl.uncertainty" "validate_rfpl" "eval" "eval" "withCallingHandlers" "doTryCatch" "tryCatchOne" "tryCatchList" "doTryCatch" "tryCatchOne" "tryCatchList" "tryCatch" "test_code" "test_that" "eval" "eval" "withCallingHandlers" "doTryCatch" "tryCatchOne" "tryCatchList" "doTryCatch" "tryCatchOne" "tryCatchList" "tryCatch" "test_code" "source_file" "FUN" "lapply" "doTryCatch" "tryCatchOne" "tryCatchList" "tryCatch" "with_reporter" "test_files_serial" "test_files" "testthat::test_file" "devtools::test_active_file" 
"%in%" "objective" ".Call" "nlminb" "optimizer" "doTryCatch" "tryCatchOne" "tryCatchList" "tryCatch" "profile.likelihood" "f" "regula.falsi" "regula.falsi" "regula.falsi" "regula.falsi" "compute.uncertainty" "FUN" "afunc" "rfpl.uncertainty" "validate_rfpl" "eval" "eval" "withCallingHandlers" "doTryCatch" "tryCatchOne" "tryCatchList" "doTryCatch" "tryCatchOne" "tryCatchList" "tryCatch" "test_code" "test_that" "eval" "eval" "withCallingHandlers" "doTryCatch" "tryCatchOne" "tryCatchList" "doTryCatch" "tryCatchOne" "tryCatchList" "tryCatch" "test_code" "source_file" "FUN" "lapply" "doTryCatch" "tryCatchOne" "tryCatchList" "tryCatch" "with_reporter" "test_files_serial" "test_files" "testthat::test_file" "devtools::test_active_file" 
"substr" "qntxxx" "objective" ".Call" "nlminb" "optimizer" "doTryCatch" "tryCatchOne" "tryCatchList" "tryCatch" "profile.likelihood" "f" "regula.falsi" "compute.uncertainty" "FUN" "afunc" "rfpl.uncertainty" "validate_rfpl" "eval" "eval" "withCallingHandlers" "doTryCatch" "tryCatchOne" "tryCatchList" "doTryCatch" "tryCatchOne" "tryCatchList" "tryCatch" "test_code" "test_that" "eval" "eval" "withCallingHandlers" "doTryCatch" "tryCatchOne" "tryCatchList" "doTryCatch" "tryCatchOne" "tryCatchList" "tryCatch" "test_code" "source_file" "FUN" "lapply" "doTryCatch" "tryCatchOne" "tryCatchList" "tryCatch" "with_reporter" "test_files_serial" "test_files" "testthat::test_file" "devtools::test_active_file" 
"llvfast" "objective" ".Call" "nlminb" "optimizer" "doTryCatch" "tryCatchOne" "tryCatchList" "tryCatch" "profile.likelihood" "f" "regula.falsi" "regula.falsi" "compute.uncertainty" "FUN" "afunc" "rfpl.uncertainty" "validate_rfpl" "eval" "eval" "withCallingHandlers" "doTryCatch" "tryCatchOne" "tryCatchList" "doTryCatch" "tryCatchOne" "tryCatchList" "tryCatch" "test_code" "test_that" "eval" "eval" "withCallingHandlers" "doTryCatch" "tryCatchOne" "tryCatchList" "doTryCatch" "tryCatchOne" "tryCatchList" "tryCatch" "test_code" "source_file" "FUN" "lapply" "doTryCatch" "tryCatchOne" "tryCatchList" "tryCatch" "with_reporter" "test_files_serial" "test_files" "testthat::test_file" "devtools::test_active_file" 
"%in%" "objective" ".Call" "nlminb" "optimizer" "doTryCatch" "tryCatchOne" "tryCatchList" "tryCatch" "profile.likelihood" "f" "regula.falsi" "regula.falsi" "regula.falsi" "compute.uncertainty" "FUN" "afunc" "rfpl.uncertainty" "validate_rfpl" "eval" "eval" "withCallingHandlers" "doTryCatch" "tryCatchOne" "tryCatchList" "doTryCatch" "tryCatchOne" "tryCatchList" "tryCatch" "test_code" "test_that" "eval" "eval" "withCallingHandlers" "doTryCatch" "tryCatchOne" "tryCatchList" "doTryCatch" "tryCatchOne" "tryCatchList" "tryCatch" "test_code" "source_file" "FUN" "lapply" "doTryCatch" "tryCatchOne" "tryCatchList" "tryCatch" "with_reporter" "test_files_serial" "test_files" "testthat::test_file" "devtools::test_active_file" 
"qntxxx" "objective" ".Call" "nlminb" "optimizer" "doTryCatch" "tryCatchOne" "tryCatchList" "tryCatch" "profile.likelihood" "f" "compute.uncertainty" "FUN" "afunc" "rfpl.uncertainty" "validate_rfpl" "eval" "eval" "withCallingHandlers" "doTryCatch" "tryCatchOne" "tryCatchList" "doTryCatch" "tryCatchOne" "tryCatchList" "tryCatch" "test_code" "test_that" "eval" "eval" "withCallingHandlers" "doTryCatch" "tryCatchOne" "tryCatchList" "doTryCatch" "tryCatchOne" "tryCatchList" "tryCatch" "test_code" "source_file" "FUN" "lapply" "doTryCatch" "tryCatchOne" "tryCatchList" "tryCatch" "with_reporter" "test_files_serial" "test_files" "testthat::test_file" "devtools::test_active_file" 
"c" "objective" ".Call" "nlminb" "optimizer" "doTryCatch" "tryCatchOne" "tryCatchList" "tryCatch" "profile.likelihood" "f" "regula.falsi" "regula.falsi" "compute.uncertainty" "FUN" "afunc" "rfpl.uncertainty" "validate_rfpl" "eval" "eval" "withCallingHandlers" "doTryCatch" "tryCatchOne" "tryCatchList" "doTryCatch" "tryCatchOne" "tryCatchList" "tryCatch" "test_code" "test_that" "eval" "eval" "withCallingHandlers" "doTryCatch" "tryCatchOne" "tryCatchList" "doTryCatch" "tryCatchOne" "tryCatchList" "tryCatch" "test_code" "source_file" "FUN" "lapply" "doTryCatch" "tryCatchOne" "tryCatchList" "tryCatch" "with_reporter" "test_files_serial" "test_files" "testthat::test_file" "devtools::test_active_file" 
"qntxxx" "objective" ".Call" "nlminb" "optimizer" "doTryCatch" "tryCatchOne" "tryCatchList" "tryCatch" "profile.likelihood" "f" "regula.falsi" "regula.falsi" "compute.uncertainty" "FUN" "afunc" "rfpl.uncertainty" "validate_rfpl" "eval" "eval" "withCallingHandlers" "doTryCatch" "tryCatchOne" "tryCatchList" "doTryCatch" "tryCatchOne" "tryCatchList" "tryCatch" "test_code" "test_that" "eval" "eval" "withCallingHandlers" "doTryCatch" "tryCatchOne" "tryCatchList" "doTryCatch" "tryCatchOne" "tryCatchList" "tryCatch" "test_code" "source_file" "FUN" "lapply" "doTryCatch" "tryCatchOne" "tryCatchList" "tryCatch" "with_reporter" "test_files_serial" "test_files" "testthat::test_file" "devtools::test_active_file" 
"llvfast" "objective" ".Call" "nlminb" "optimizer" "doTryCatch" "tryCatchOne" "tryCatchList" "tryCatch" "profile.likelihood" "f" "regula.falsi" "regula.falsi" "regula.falsi" "compute.uncertainty" "FUN" "afunc" "rfpl.uncertainty" "validate_rfpl" "eval" "eval" "withCallingHandlers" "doTryCatch" "tryCatchOne" "tryCatchList" "doTryCatch" "tryCatchOne" "tryCatchList" "tryCatch" "test_code" "test_that" "eval" "eval" "withCallingHandlers" "doTryCatch" "tryCatchOne" "tryCatchList" "doTryCatch" "tryCatchOne" "tryCatchList" "tryCatch" "test_code" "source_file" "FUN" "lapply" "doTryCatch" "tryCatchOne" "tryCatchList" "tryCatch" "with_reporter" "test_files_serial" "test_files" "testthat::test_file" "devtools::test_active_file" 
"llvfast" "objective" ".Call" "nlminb" "optimizer" "doTryCatch" "tryCatchOne" "tryCatchList" "tryCatch" "profile.likelihood" "f" "compute.uncertainty" "FUN" "afunc" "rfpl.uncertainty" "validate_rfpl" "eval" "eval" "withCallingHandlers" "doTryCatch" "tryCatchOne" "tryCatchList" "doTryCatch" "tryCatchOne" "tryCatchList" "tryCatch" "test_code" "test_that" "eval" "eval" "withCallingHandlers" "doTryCatch" "tryCatchOne" "tryCatchList" "doTryCatch" "tryCatchOne" "tryCatchList" "tryCatch" "test_code" "source_file" "FUN" "lapply" "doTryCatch" "tryCatchOne" "tryCatchList" "tryCatch" "with_reporter" "test_files_serial" "test_files" "testthat::test_file" "devtools::test_active_file" 
"llvfast" "objective" ".Call" "nlminb" "optimizer" "doTryCatch" "tryCatchOne" "tryCatchList" "tryCatch" "profile.likelihood" "f" "regula.falsi" "regula.falsi" "compute.uncertainty" "FUN" "afunc" "rfpl.uncertainty" "validate_rfpl" "eval" "eval" "withCallingHandlers" "doTryCatch" "tryCatchOne" "tryCatchList" "doTryCatch" "tryCatchOne" "tryCatchList" "tryCatch" "test_code" "test_that" "eval" "eval" "withCallingHandlers" "doTryCatch" "tryCatchOne" "tryCatchList" "doTryCatch" "tryCatchOne" "tryCatchList" "tryCatch" "test_code" "source_file" "FUN" "lapply" "doTryCatch" "tryCatchOne" "tryCatchList" "tryCatch" "with_reporter" "test_files_serial" "test_files" "testthat::test_file" "devtools::test_active_file" 
"qntxxx" "objective" ".Call" "nlminb" "optimizer" "doTryCatch" "tryCatchOne" "tryCatchList" "tryCatch" "profile.likelihood" "f" "regula.falsi" "regula.falsi" "regula.falsi" "compute.uncertainty" "FUN" "afunc" "rfpl.uncertainty" "validate_rfpl" "eval" "eval" "withCallingHandlers" "doTryCatch" "tryCatchOne" "tryCatchList" "doTryCatch" "tryCatchOne" "tryCatchList" "tryCatch" "test_code" "test_that" "eval" "eval" "withCallingHandlers" "doTryCatch" "tryCatchOne" "tryCatchList" "doTryCatch" "tryCatchOne" "tryCatchList" "tryCatch" "test_code" "source_file" "FUN" "lapply" "doTryCatch" "tryCatchOne" "tryCatchList" "tryCatch" "with_reporter" "test_files_serial" "test_files" "testthat::test_file" "devtools::test_active_file" 
".Call" "nlminb" "optimizer" "doTryCatch" "tryCatchOne" "tryCatchList" "tryCatch" "profile.likelihood" "f" "regula.falsi" "regula.falsi" "regula.falsi" "regula.falsi" "compute.uncertainty" "FUN" "afunc" "rfpl.uncertainty" "validate_rfpl" "eval" "eval" "withCallingHandlers" "doTryCatch" "tryCatchOne" "tryCatchList" "doTryCatch" "tryCatchOne" "tryCatchList" "tryCatch" "test_code" "test_that" "eval" "eval" "withCallingHandlers" "doTryCatch" "tryCatchOne" "tryCatchList" "doTryCatch" "tryCatchOne" "tryCatchList" "tryCatch" "test_code" "source_file" "FUN" "lapply" "doTryCatch" "tryCatchOne" "tryCatchList" "tryCatch" "with_reporter" "test_files_serial" "test_files" "testthat::test_file" "devtools::test_active_file" 
"xfgum" "xfxxx" "FUN" "vapply" "qntxxx" "objective" ".Call" "nlminb" "optimizer" "doTryCatch" "tryCatchOne" "tryCatchList" "tryCatch" "profile.likelihood" "f" "regula.falsi" "compute.uncertainty" "FUN" "afunc" "rfpl.uncertainty" "validate_rfpl" "eval" "eval" "withCallingHandlers" "doTryCatch" "tryCatchOne" "tryCatchList" "doTryCatch" "tryCatchOne" "tryCatchList" "tryCatch" "test_code" "test_that" "eval" "eval" "withCallingHandlers" "doTryCatch" "tryCatchOne" "tryCatchList" "doTryCatch" "tryCatchOne" "tryCatchList" "tryCatch" "test_code" "source_file" "FUN" "lapply" "doTryCatch" "tryCatchOne" "tryCatchList" "tryCatch" "with_reporter" "test_files_serial" "test_files" "testthat::test_file" "devtools::test_active_file" 
".Call" "nlminb" "optimizer" "doTryCatch" "tryCatchOne" "tryCatchList" "tryCatch" "profile.likelihood" "f" "regula.falsi" "regula.falsi" "regula.falsi" "compute.uncertainty" "FUN" "afunc" "rfpl.uncertainty" "validate_rfpl" "eval" "eval" "withCallingHandlers" "doTryCatch" "tryCatchOne" "tryCatchList" "doTryCatch" "tryCatchOne" "tryCatchList" "tryCatch" "test_code" "test_that" "eval" "eval" "withCallingHandlers" "doTryCatch" "tryCatchOne" "tryCatchList" "doTryCatch" "tryCatchOne" "tryCatchList" "tryCatch" "test_code" "source_file" "FUN" "lapply" "doTryCatch" "tryCatchOne" "tryCatchList" "tryCatch" "with_reporter" "test_files_serial" "test_files" "testthat::test_file" "devtools::test_active_file" 
"objective" ".Call" "nlminb" "optimizer" "doTryCatch" "tryCatchOne" "tryCatchList" "tryCatch" "profile.likelihood" "f" "regula.falsi" "regula.falsi" "regula.falsi" "regula.falsi" "compute.uncertainty" "FUN" "afunc" "rfpl.uncertainty" "validate_rfpl" "eval" "eval" "withCallingHandlers" "doTryCatch" "tryCatchOne" "tryCatchList" "doTryCatch" "tryCatchOne" "tryCatchList" "tryCatch" "test_code" "test_that" "eval" "eval" "withCallingHandlers" "doTryCatch" "tryCatchOne" "tryCatchList" "doTryCatch" "tryCatchOne" "tryCatchList" "tryCatch" "test_code" "source_file" "FUN" "lapply" "doTryCatch" "tryCatchOne" "tryCatchList" "tryCatch" "with_reporter" "test_files_serial" "test_files" "testthat::test_file" "devtools::test_active_file" 
"numeric" "vapply" "qntxxx" "objective" ".Call" "nlminb" "optimizer" "doTryCatch" "tryCatchOne" "tryCatchList" "tryCatch" "profile.likelihood" "f" "compute.uncertainty" "FUN" "afunc" "rfpl.uncertainty" "validate_rfpl" "eval" "eval" "withCallingHandlers" "doTryCatch" "tryCatchOne" "tryCatchList" "doTryCatch" "tryCatchOne" "tryCatchList" "tryCatch" "test_code" "test_that" "eval" "eval" "withCallingHandlers" "doTryCatch" "tryCatchOne" "tryCatchList" "doTryCatch" "tryCatchOne" "tryCatchList" "tryCatch" "test_code" "source_file" "FUN" "lapply" "doTryCatch" "tryCatchOne" "tryCatchList" "tryCatch" "with_reporter" "test_files_serial" "test_files" "testthat::test_file" "devtools::test_active_file" 
".Call" "nlminb" "optimizer" "doTryCatch" "tryCatchOne" "tryCatchList" "tryCatch" "profile.likelihood" "f" "regula.falsi" "regula.falsi" "compute.uncertainty" "FUN" "afunc" "rfpl.uncertainty" "validate_rfpl" "eval" "eval" "withCallingHandlers" "doTryCatch" "tryCatchOne" "tryCatchList" "doTryCatch" "tryCatchOne" "tryCatchList" "tryCatch" "test_code" "test_that" "eval" "eval" "withCallingHandlers" "doTryCatch" "tryCatchOne" "tryCatchList" "doTryCatch" "tryCatchOne" "tryCatchList" "tryCatch" "test_code" "source_file" "FUN" "lapply" "doTryCatch" "tryCatchOne" "tryCatchList" "tryCatch" "with_reporter" "test_files_serial" "test_files" "testthat::test_file" "devtools::test_active_file" 
"llvfast" "objective" ".Call" "nlminb" "optimizer" "doTryCatch" "tryCatchOne" "tryCatchList" "tryCatch" "profile.likelihood" "f" "regula.falsi" "regula.falsi" "regula.falsi" "compute.uncertainty" "FUN" "afunc" "rfpl.uncertainty" "validate_rfpl" "eval" "eval" "withCallingHandlers" "doTryCatch" "tryCatchOne" "tryCatchList" "doTryCatch" "tryCatchOne" "tryCatchList" "tryCatch" "test_code" "test_that" "eval" "eval" "withCallingHandlers" "doTryCatch" "tryCatchOne" "tryCatchList" "doTryCatch" "tryCatchOne" "tryCatchList" "tryCatch" "test_code" "source_file" "FUN" "lapply" "doTryCatch" "tryCatchOne" "tryCatchList" "tryCatch" "with_reporter" "test_files_serial" "test_files" "testthat::test_file" "devtools::test_active_file" 
"exp" "llvfast" "objective" ".Call" "nlminb" "optimizer" "doTryCatch" "tryCatchOne" "tryCatchList" "tryCatch" "profile.likelihood" "f" "regula.falsi" "regula.falsi" "regula.falsi" "regula.falsi" "compute.uncertainty" "FUN" "afunc" "rfpl.uncertainty" "validate_rfpl" "eval" "eval" "withCallingHandlers" "doTryCatch" "tryCatchOne" "tryCatchList" "doTryCatch" "tryCatchOne" "tryCatchList" "tryCatch" "test_code" "test_that" "eval" "eval" "withCallingHandlers" "doTryCatch" "tryCatchOne" "tryCatchList" "doTryCatch" "tryCatchOne" "tryCatchList" "tryCatch" "test_code" "source_file" "FUN" "lapply" "doTryCatch" "tryCatchOne" "tryCatchList" "tryCatch" "with_reporter" "test_files_serial" "test_files" "testthat::test_file" "devtools::test_active_file" 
